❯ Building...
✔ Building...
Initial chunk files | Names         |  Raw size
main.js             | main          |  89.87 kB | 
styles.css          | styles        |  58.19 kB | 

                    | Initial total | 148.06 kB

Application bundle generation complete. [10.609 seconds] - 2026-09-05T21:57:43.102Z

Watch mode enabled. Watching for file changes...
NOTE: Raw file sizes do not reflect development server per-request transformations.
  [32m➜[39m  [1mLocal[22m:   [36mhttp://127.0.0.1:[1m4200[22m/[39m
❯ Changes detected. Rebuilding...
✔ Changes detected. Rebuilding...
Initial chunk files | Names | Raw size
main.js             | main  | 89.85 kB | 

Application bundle generation complete. [2.722 seconds] - 2026-09-05T22:03:23.446Z

Page reload sent to client(s).
❯ Changes detected. Rebuilding...
✔ Changes detected. Rebuilding...
Application bundle generation failed. [0.134 seconds] - 2026-09-05T22:07:37.331Z

❯ Changes detected. Rebuilding...
✔ Changes detected. Rebuilding...
Application bundle generation failed. [2.028 seconds] - 2026-09-05T22:08:29.296Z

❯ Changes detected. Rebuilding...
✔ Changes detected. Rebuilding...
Application bundle generation failed. [1.755 seconds] - 2026-09-05T22:08:47.084Z

❯ Changes detected. Rebuilding...
✔ Changes detected. Rebuilding...
Application bundle generation failed. [1.519 seconds] - 2026-09-05T22:08:50.552Z

❯ Changes detected. Rebuilding...
✔ Changes detected. Rebuilding...
Application bundle generation failed. [0.841 seconds] - 2026-09-05T22:08:58.100Z

❯ Changes detected. Rebuilding...
✔ Changes detected. Rebuilding...
Application bundle generation failed. [1.373 seconds] - 2026-09-05T22:09:13.991Z

❯ Changes detected. Rebuilding...
✔ Changes detected. Rebuilding...
Application bundle generation failed. [0.057 seconds] - 2026-09-05T22:18:00.929Z

❯ Changes detected. Rebuilding...
✔ Changes detected. Rebuilding...
Application bundle generation failed. [0.003 seconds] - 2026-09-05T22:18:08.970Z

❯ Changes detected. Rebuilding...
✔ Changes detected. Rebuilding...
Application bundle generation failed. [1.333 seconds] - 2026-09-05T22:18:14.579Z

❯ Changes detected. Rebuilding...
✔ Changes detected. Rebuilding...
Application bundle generation failed. [0.819 seconds] - 2026-09-05T22:18:16.827Z

❯ Changes detected. Rebuilding...
✔ Changes detected. Rebuilding...
Application bundle generation failed. [2.550 seconds] - 2026-09-05T22:20:49.518Z

❯ Changes detected. Rebuilding...
✔ Changes detected. Rebuilding...
Initial chunk files | Names         |  Raw size
main.js             | main          |  93.82 kB | 
styles.css          | styles        |  64.21 kB | 

                    | Initial total | 158.03 kB

Application bundle generation complete. [4.605 seconds] - 2026-09-05T22:21:34.986Z

Page reload sent to client(s).
❯ Changes detected. Rebuilding...
✔ Changes detected. Rebuilding...
Initial chunk files | Names  | Raw size
styles.css          | styles | 69.60 kB | 

Application bundle generation complete. [13.972 seconds] - 2026-09-05T22:29:22.861Z

Page reload sent to client(s).
❯ Changes detected. Rebuilding...
✔ Changes detected. Rebuilding...
Initial chunk files | Names         |  Raw size
main.js             | main          |  93.82 kB | 
styles.css          | styles        |  69.60 kB | 

                    | Initial total | 163.42 kB

Application bundle generation complete. [0.032 seconds] - 2026-09-05T22:29:22.937Z

❯ Changes detected. Rebuilding...
✔ Changes detected. Rebuilding...
Application bundle generation failed. [8.142 seconds] - 2026-09-05T22:31:41.061Z

❯ Changes detected. Rebuilding...
✔ Changes detected. Rebuilding...
Initial chunk files | Names         |  Raw size
main.js             | main          | 101.81 kB | 
styles.css          | styles        |  69.60 kB | 

                    | Initial total | 171.41 kB

Application bundle generation complete. [8.550 seconds] - 2026-09-05T22:31:51.056Z

Page reload sent to client(s).
❯ Changes detected. Rebuilding...
✔ Changes detected. Rebuilding...
Initial chunk files | Names |  Raw size
main.js             | main  | 111.27 kB | 

Application bundle generation complete. [7.216 seconds] - 2026-09-05T22:32:07.893Z

Component update sent to client(s).
❯ Changes detected. Rebuilding...
✔ Changes detected. Rebuilding...
Application bundle generation failed. [4.612 seconds] - 2026-09-05T22:32:17.905Z

❯ Changes detected. Rebuilding...
✔ Changes detected. Rebuilding...
Initial chunk files | Names         |  Raw size
main.js             | main          | 118.51 kB | 
styles.css          | styles        |  69.60 kB | 

                    | Initial total | 188.11 kB

Application bundle generation complete. [6.185 seconds] - 2026-09-05T22:32:29.310Z

Page reload sent to client(s).
❯ Changes detected. Rebuilding...
✔ Changes detected. Rebuilding...
Initial chunk files | Names |  Raw size
main.js             | main  | 125.17 kB | 

Application bundle generation complete. [5.632 seconds] - 2026-09-05T22:32:43.592Z

Component update sent to client(s).
❯ Changes detected. Rebuilding...
✔ Changes detected. Rebuilding...
Initial chunk files | Names |  Raw size
main.js             | main  | 133.37 kB | 

Application bundle generation complete. [8.751 seconds] - 2026-09-05T22:33:09.285Z

Page reload sent to client(s).
❯ Changes detected. Rebuilding...
✔ Changes detected. Rebuilding...
Initial chunk files | Names |  Raw size
main.js             | main  | 133.42 kB | 

Application bundle generation complete. [10.174 seconds] - 2026-09-05T22:33:24.502Z

Component update sent to client(s).
❯ Changes detected. Rebuilding...
✔ Changes detected. Rebuilding...
Initial chunk files | Names |  Raw size
main.js             | main  | 133.44 kB | 

Application bundle generation complete. [4.064 seconds] - 2026-09-05T22:33:28.581Z

Component update sent to client(s).
[2m18:37:07[22m [36m[1m[vite][22m[39m [90m[2m(client)[22m[39m [optimizer] bundling dependencies...
[2m18:37:45[22m [36m[1m[vite][22m[39m [90m[2m(client)[22m[39m [32mdependencies optimized: [33m@angular/material/divider, @angular/material/tooltip[32m[39m
[2m18:37:45[22m [36m[1m[vite][22m[39m [90m[2m(client)[22m[39m [32moptimized dependencies changed. reloading[39m
